
> csr-dashboard@1.0.0 build D:\KERJAAN\CODING\COMBO\csr-dashboard
> NODE_OPTIONS='--max-old-space-size=8192' next build

node.exe : 'NODE_OPTIONS' is not recognized as an internal or external command,
At C:\Users\Nazar\AppData\Roaming\npm\pnpm.ps1:24 char:5
+     & "node$exe"  "$basedir/node_modules/pnpm/bin/pnpm.cjs" $args
+     ~~~~~~~~~~~~~~~~~~~~~~~~~~~~~~~~~~~~~~~~~~~~~~~~~~~~~~~~~~~~~
    + CategoryInfo          : NotSpecified: ('NODE_OPTIONS' ...ternal command,:String) [], RemoteExcepti 
   on
    + FullyQualifiedErrorId : NativeCommandError
 
operable program or batch file.
ΓÇëELIFECYCLEΓÇë Command failed with exit code 1.
